2026-08-03 20:35:55 [ERROR]: [RESPONSE ERROR] 401 - Unauthorized
2026-08-03 20:35:55 [ERROR]: [RESPONSE ERROR] 401 - Unauthorized
2026-08-03 20:35:55 [ERROR]: [RESPONSE ERROR] 401 - Unauthorized
2026-08-03 20:35:55 [ERROR]: [RESPONSE ERROR] 401 - Unauthorized
2026-08-03 20:36:00 [ERROR]: [RESPONSE ERROR] 401 - Unauthorized
2026-08-03 20:36:00 [ERROR]: [RESPONSE ERROR] 401 - Unauthorized
2026-08-03 20:36:00 [ERROR]: [RESPONSE ERROR] 401 - Unauthorized
2026-08-03 20:36:00 [ERROR]: [RESPONSE ERROR] 401 - Unauthorized
2026-08-03 20:36:04 [ERROR]: [RESPONSE ERROR] 401 - Unauthorized
2026-08-03 20:36:05 [ERROR]: [RESPONSE ERROR] 401 - Unauthorized
2026-08-03 20:36:05 [ERROR]: [RESPONSE ERROR] 401 - Unauthorized
2026-08-03 20:36:05 [ERROR]: [RESPONSE ERROR] 401 - Unauthorized
2026-08-03 20:36:10 [ERROR]: [RESPONSE ERROR] 401 - Unauthorized
2026-08-03 20:36:11 [ERROR]: [RESPONSE ERROR] 401 - Unauthorized
2026-08-03 20:36:17 [ERROR]: [RESPONSE ERROR] 401 - Unauthorized
2026-08-03 20:36:17 [ERROR]: [RESPONSE ERROR] 401 - Unauthorized
2026-08-03 20:36:22 [ERROR]: [RESPONSE ERROR] 401 - Unauthorized
2026-08-03 20:36:23 [ERROR]: [RESPONSE ERROR] 401 - Unauthorized
2026-08-03 20:38:06 [ERROR]: [RESPONSE ERROR] 401 - Unauthorized
2026-08-03 20:38:06 [ERROR]: [RESPONSE ERROR] 401 - Unauthorized
2026-08-03 20:38:09 [ERROR]: [RESPONSE ERROR] 401 - Unauthorized
2026-08-03 20:38:11 [ERROR]: [RESPONSE ERROR] 401 - Unauthorized
2026-08-03 20:38:11 [ERROR]: [RESPONSE ERROR] 401 - Unauthorized
2026-08-03 20:38:14 [ERROR]: [RESPONSE ERROR] 401 - Unauthorized
2026-08-03 20:38:16 [ERROR]: [RESPONSE ERROR] 401 - Unauthorized
2026-08-03 20:38:16 [ERROR]: [RESPONSE ERROR] 401 - Unauthorized
2026-08-03 20:38:18 [ERROR]: [RESPONSE ERROR] 401 - Unauthorized
2026-08-03 20:38:19 [ERROR]: [RESPONSE ERROR] 401 - Unauthorized
2026-08-03 20:38:21 [ERROR]: [RESPONSE ERROR] 401 - Unauthorized
2026-08-03 20:38:21 [ERROR]: [RESPONSE ERROR] 401 - Unauthorized
2026-08-03 20:38:23 [ERROR]: [RESPONSE ERROR] 401 - Unauthorized
2026-08-03 20:38:27 [ERROR]: [RESPONSE ERROR] 401 - Unauthorized
2026-08-03 20:38:28 [ERROR]: [RESPONSE ERROR] 401 - Unauthorized
2026-08-03 20:38:28 [ERROR]: [RESPONSE ERROR] 401 - Unauthorized
2026-08-03 20:38:33 [ERROR]: [RESPONSE ERROR] 401 - Unauthorized
2026-08-03 20:38:34 [ERROR]: [RESPONSE ERROR] 401 - Unauthorized
2026-08-03 20:39:33 [ERROR]: [RESPONSE ERROR] 401 - Unauthorized
2026-08-03 20:39:38 [ERROR]: [RESPONSE ERROR] 401 - Unauthorized
2026-08-03 20:39:42 [ERROR]: [RESPONSE ERROR] 401 - Unauthorized
2026-08-03 20:39:43 [ERROR]: [RESPONSE ERROR] 401 - Unauthorized
2026-08-03 20:39:48 [ERROR]: [RESPONSE ERROR] 401 - Unauthorized
2026-08-03 20:39:48 [ERROR]: [RESPONSE ERROR] 401 - Unauthorized
2026-08-03 20:39:53 [ERROR]: [RESPONSE ERROR] 401 - Unauthorized
2026-08-03 20:39:53 [ERROR]: [RESPONSE ERROR] 401 - Unauthorized
2026-08-03 20:39:54 [ERROR]: [RESPONSE ERROR] 401 - Unauthorized
2026-08-03 20:39:58 [ERROR]: [RESPONSE ERROR] 401 - Unauthorized
2026-08-03 20:39:59 [ERROR]: [RESPONSE ERROR] 401 - Unauthorized
2026-08-03 20:39:59 [ERROR]: [RESPONSE ERROR] 401 - Unauthorized
2026-08-03 20:40:03 [ERROR]: [RESPONSE ERROR] 401 - Unauthorized
2026-08-03 20:40:03 [ERROR]: [RESPONSE ERROR] 401 - Unauthorized
2026-08-03 20:40:04 [ERROR]: [RESPONSE ERROR] 401 - Unauthorized
2026-08-03 20:40:09 [ERROR]: [RESPONSE ERROR] 401 - Unauthorized
2026-08-03 20:40:10 [ERROR]: [RESPONSE ERROR] 401 - Unauthorized
2026-08-03 20:40:15 [ERROR]: [RESPONSE ERROR] 401 - Unauthorized
2026-08-03 20:40:44 [ERROR]: [RESPONSE ERROR] 401 - Unauthorized
2026-08-03 20:40:50 [ERROR]: [RESPONSE ERROR] 401 - Unauthorized
2026-08-03 20:40:51 [ERROR]: [RESPONSE ERROR] 401 - Unauthorized
2026-08-03 20:40:54 [ERROR]: [RESPONSE ERROR] 401 - Unauthorized
2026-08-03 20:40:55 [ERROR]: [RESPONSE ERROR] 401 - Unauthorized
2026-08-03 20:40:59 [ERROR]: [RESPONSE ERROR] 401 - Unauthorized
2026-08-03 20:41:00 [ERROR]: [RESPONSE ERROR] 401 - Unauthorized
2026-08-03 20:41:05 [ERROR]: [RESPONSE ERROR] 401 - Unauthorized
2026-08-03 20:41:05 [ERROR]: [RESPONSE ERROR] 401 - Unauthorized
2026-08-03 20:41:10 [ERROR]: [RESPONSE ERROR] 401 - Unauthorized
2026-08-03 20:41:10 [ERROR]: [RESPONSE ERROR] 401 - Unauthorized
2026-08-03 20:41:10 [ERROR]: [RESPONSE ERROR] 401 - Unauthorized
2026-08-03 20:41:15 [ERROR]: [RESPONSE ERROR] 401 - Unauthorized
2026-08-03 20:41:15 [ERROR]: [RESPONSE ERROR] 401 - Unauthorized
2026-08-03 20:41:15 [ERROR]: [RESPONSE ERROR] 401 - Unauthorized
2026-08-03 20:41:19 [ERROR]: [RESPONSE ERROR] 401 - Unauthorized
2026-08-03 20:41:20 [ERROR]: [RESPONSE ERROR] 401 - Unauthorized
2026-08-03 20:41:24 [ERROR]: [RESPONSE ERROR] 401 - Unauthorized
2026-08-03 20:41:53 [ERROR]: [RESPONSE ERROR] 401 - Unauthorized
2026-08-03 20:41:55 [ERROR]: [RESPONSE ERROR] 401 - Unauthorized
2026-08-03 20:41:57 [ERROR]: [RESPONSE ERROR] 401 - Unauthorized
2026-08-03 20:42:00 [ERROR]: [RESPONSE ERROR] 401 - Unauthorized
2026-08-03 20:42:01 [ERROR]: [RESPONSE ERROR] 401 - Unauthorized
2026-08-03 20:42:03 [ERROR]: [RESPONSE ERROR] 401 - Unauthorized
2026-08-03 20:42:04 [ERROR]: [RESPONSE ERROR] 401 - Unauthorized
2026-08-03 20:42:05 [ERROR]: [RESPONSE ERROR] 401 - Unauthorized
2026-08-03 20:42:07 [ERROR]: [RESPONSE ERROR] 401 - Unauthorized
2026-08-03 20:42:09 [ERROR]: [RESPONSE ERROR] 401 - Unauthorized
2026-08-03 20:42:10 [ERROR]: [RESPONSE ERROR] 401 - Unauthorized
2026-08-03 20:42:11 [ERROR]: [RESPONSE ERROR] 401 - Unauthorized
2026-08-03 20:42:13 [ERROR]: [RESPONSE ERROR] 401 - Unauthorized
2026-08-03 20:42:14 [ERROR]: [RESPONSE ERROR] 401 - Unauthorized
2026-08-03 20:42:16 [ERROR]: [RESPONSE ERROR] 401 - Unauthorized
2026-08-03 20:42:18 [ERROR]: [RESPONSE ERROR] 401 - Unauthorized
2026-08-03 20:42:20 [ERROR]: [RESPONSE ERROR] 401 - Unauthorized
2026-08-03 20:42:25 [ERROR]: [RESPONSE ERROR] 401 - Unauthorized
2026-08-03 20:42:47 [ERROR]: [RESPONSE ERROR] 401 - Unauthorized
2026-08-03 20:42:52 [ERROR]: [RESPONSE ERROR] 401 - Unauthorized
2026-08-03 20:42:52 [ERROR]: [RESPONSE ERROR] 401 - Unauthorized
2026-08-03 20:42:57 [ERROR]: [RESPONSE ERROR] 401 - Unauthorized
2026-08-03 20:42:57 [ERROR]: [RESPONSE ERROR] 401 - Unauthorized
2026-08-03 20:42:57 [ERROR]: [RESPONSE ERROR] 401 - Unauthorized
2026-08-03 20:43:02 [ERROR]: [RESPONSE ERROR] 401 - Unauthorized
2026-08-03 20:43:02 [ERROR]: [RESPONSE ERROR] 401 - Unauthorized
2026-08-03 20:43:03 [ERROR]: [RESPONSE ERROR] 401 - Unauthorized
2026-08-03 20:43:07 [ERROR]: [RESPONSE ERROR] 401 - Unauthorized
2026-08-03 20:43:07 [ERROR]: [RESPONSE ERROR] 401 - Unauthorized
2026-08-03 20:43:07 [ERROR]: [RESPONSE ERROR] 401 - Unauthorized
2026-08-03 20:43:12 [ERROR]: [RESPONSE ERROR] 401 - Unauthorized
2026-08-03 20:43:12 [ERROR]: [RESPONSE ERROR] 401 - Unauthorized
2026-08-03 20:43:13 [ERROR]: [RESPONSE ERROR] 401 - Unauthorized
2026-08-03 20:43:17 [ERROR]: [RESPONSE ERROR] 401 - Unauthorized
2026-08-03 20:43:19 [ERROR]: [RESPONSE ERROR] 401 - Unauthorized
2026-08-03 20:43:22 [ERROR]: [RESPONSE ERROR] 401 - Unauthorized
2026-08-03 20:43:49 [ERROR]: [RESPONSE ERROR] 401 - Unauthorized
2026-08-03 20:43:49 [ERROR]: [RESPONSE ERROR] 401 - Unauthorized
2026-08-03 20:43:55 [ERROR]: [RESPONSE ERROR] 401 - Unauthorized
2026-08-03 20:43:55 [ERROR]: [RESPONSE ERROR] 401 - Unauthorized
2026-08-03 20:43:57 [ERROR]: [RESPONSE ERROR] 401 - Unauthorized
2026-08-03 20:44:00 [ERROR]: [RESPONSE ERROR] 401 - Unauthorized
2026-08-03 20:44:00 [ERROR]: [RESPONSE ERROR] 401 - Unauthorized
2026-08-03 20:44:02 [ERROR]: [RESPONSE ERROR] 401 - Unauthorized
2026-08-03 20:44:04 [ERROR]: [RESPONSE ERROR] 401 - Unauthorized
2026-08-03 20:44:05 [ERROR]: [RESPONSE ERROR] 401 - Unauthorized
2026-08-03 20:44:06 [ERROR]: [RESPONSE ERROR] 401 - Unauthorized
2026-08-03 20:44:09 [ERROR]: [RESPONSE ERROR] 401 - Unauthorized
2026-08-03 20:44:10 [ERROR]: [RESPONSE ERROR] 401 - Unauthorized
2026-08-03 20:44:11 [ERROR]: [RESPONSE ERROR] 401 - Unauthorized
2026-08-03 20:44:14 [ERROR]: [RESPONSE ERROR] 401 - Unauthorized
2026-08-03 20:44:15 [ERROR]: [RESPONSE ERROR] 401 - Unauthorized
2026-08-03 20:44:15 [ERROR]: [RESPONSE ERROR] 401 - Unauthorized
2026-08-03 20:44:19 [ERROR]: [RESPONSE ERROR] 401 - Unauthorized
2026-08-03 20:56:53 [ERROR]: Dashboard visibility check failed: TimeoutError: page.waitForLoadState: Timeout 10000ms exceeded.
2026-08-03 21:07:43 [ERROR]: [RESPONSE ERROR] 401 - Unauthorized
2026-08-03 21:07:43 [ERROR]: [RESPONSE ERROR] 401 - Unauthorized
2026-08-03 21:07:43 [ERROR]: [RESPONSE ERROR] 401 - Unauthorized
2026-08-03 21:07:43 [ERROR]: [RESPONSE ERROR] 401 - Unauthorized
2026-08-03 21:07:47 [ERROR]: [RESPONSE ERROR] 401 - Unauthorized
2026-08-03 21:07:47 [ERROR]: [RESPONSE ERROR] 401 - Unauthorized
2026-08-03 21:07:47 [ERROR]: [RESPONSE ERROR] 401 - Unauthorized
2026-08-03 21:07:48 [ERROR]: [RESPONSE ERROR] 401 - Unauthorized
2026-08-03 21:07:52 [ERROR]: [RESPONSE ERROR] 401 - Unauthorized
2026-08-03 21:07:52 [ERROR]: [RESPONSE ERROR] 401 - Unauthorized
2026-08-03 21:07:52 [ERROR]: [RESPONSE ERROR] 401 - Unauthorized
2026-08-03 21:07:52 [ERROR]: [RESPONSE ERROR] 401 - Unauthorized
2026-08-03 21:07:57 [ERROR]: [RESPONSE ERROR] 401 - Unauthorized
2026-08-03 21:07:57 [ERROR]: [RESPONSE ERROR] 401 - Unauthorized
2026-08-03 21:08:03 [ERROR]: [RESPONSE ERROR] 401 - Unauthorized
2026-08-03 21:08:03 [ERROR]: [RESPONSE ERROR] 401 - Unauthorized
2026-08-03 21:08:08 [ERROR]: [RESPONSE ERROR] 401 - Unauthorized
2026-08-03 21:08:08 [ERROR]: [RESPONSE ERROR] 401 - Unauthorized
2026-08-03 21:08:45 [ERROR]: [RESPONSE ERROR] 401 - Unauthorized
2026-08-03 21:08:45 [ERROR]: [RESPONSE ERROR] 401 - Unauthorized
2026-08-03 21:08:46 [ERROR]: [RESPONSE ERROR] 401 - Unauthorized
2026-08-03 21:08:48 [ERROR]: [RESPONSE ERROR] 401 - Unauthorized
2026-08-03 21:08:49 [ERROR]: [RESPONSE ERROR] 401 - Unauthorized
2026-08-03 21:08:50 [ERROR]: [RESPONSE ERROR] 401 - Unauthorized
2026-08-03 21:08:51 [ERROR]: [RESPONSE ERROR] 401 - Unauthorized
2026-08-03 21:08:53 [ERROR]: [RESPONSE ERROR] 401 - Unauthorized
2026-08-03 21:08:55 [ERROR]: [RESPONSE ERROR] 401 - Unauthorized
2026-08-03 21:08:55 [ERROR]: [RESPONSE ERROR] 401 - Unauthorized
2026-08-03 21:08:56 [ERROR]: [RESPONSE ERROR] 401 - Unauthorized
2026-08-03 21:08:57 [ERROR]: [RESPONSE ERROR] 401 - Unauthorized
2026-08-03 21:08:59 [ERROR]: [RESPONSE ERROR] 401 - Unauthorized
2026-08-03 21:09:00 [ERROR]: [RESPONSE ERROR] 401 - Unauthorized
2026-08-03 21:09:05 [ERROR]: [RESPONSE ERROR] 401 - Unauthorized
2026-08-03 21:09:06 [ERROR]: [RESPONSE ERROR] 401 - Unauthorized
2026-08-03 21:09:11 [ERROR]: [RESPONSE ERROR] 401 - Unauthorized
2026-08-03 21:09:12 [ERROR]: [RESPONSE ERROR] 401 - Unauthorized
2026-08-03 21:09:44 [ERROR]: [RESPONSE ERROR] 401 - Unauthorized
2026-08-03 21:09:45 [ERROR]: [RESPONSE ERROR] 401 - Unauthorized
2026-08-03 21:09:47 [ERROR]: [RESPONSE ERROR] 401 - Unauthorized
2026-08-03 21:09:49 [ERROR]: [RESPONSE ERROR] 401 - Unauthorized
2026-08-03 21:09:50 [ERROR]: [RESPONSE ERROR] 401 - Unauthorized
2026-08-03 21:09:51 [ERROR]: [RESPONSE ERROR] 401 - Unauthorized
2026-08-03 21:09:52 [ERROR]: [RESPONSE ERROR] 401 - Unauthorized
2026-08-03 21:09:53 [ERROR]: [RESPONSE ERROR] 401 - Unauthorized
2026-08-03 21:09:55 [ERROR]: [RESPONSE ERROR] 401 - Unauthorized
2026-08-03 21:09:56 [ERROR]: [RESPONSE ERROR] 401 - Unauthorized
2026-08-03 21:09:56 [ERROR]: [RESPONSE ERROR] 401 - Unauthorized
2026-08-03 21:09:57 [ERROR]: [RESPONSE ERROR] 401 - Unauthorized
2026-08-03 21:10:00 [ERROR]: [RESPONSE ERROR] 401 - Unauthorized
2026-08-03 21:10:01 [ERROR]: [RESPONSE ERROR] 401 - Unauthorized
2026-08-03 21:10:02 [ERROR]: [RESPONSE ERROR] 401 - Unauthorized
2026-08-03 21:10:04 [ERROR]: [RESPONSE ERROR] 401 - Unauthorized
2026-08-03 21:10:05 [ERROR]: [RESPONSE ERROR] 401 - Unauthorized
2026-08-03 21:10:09 [ERROR]: [RESPONSE ERROR] 401 - Unauthorized
2026-08-03 21:10:35 [ERROR]: [RESPONSE ERROR] 401 - Unauthorized
2026-08-03 21:10:40 [ERROR]: [RESPONSE ERROR] 401 - Unauthorized
2026-08-03 21:10:41 [ERROR]: [RESPONSE ERROR] 401 - Unauthorized
2026-08-03 21:10:41 [ERROR]: [RESPONSE ERROR] 401 - Unauthorized
2026-08-03 21:10:43 [ERROR]: [RESPONSE ERROR] 401 - Unauthorized
2026-08-03 21:10:45 [ERROR]: [RESPONSE ERROR] 401 - Unauthorized
2026-08-03 21:10:45 [ERROR]: [RESPONSE ERROR] 401 - Unauthorized
2026-08-03 21:10:46 [ERROR]: [RESPONSE ERROR] 401 - Unauthorized
2026-08-03 21:10:47 [ERROR]: [RESPONSE ERROR] 401 - Unauthorized
2026-08-03 21:10:50 [ERROR]: [RESPONSE ERROR] 401 - Unauthorized
2026-08-03 21:10:50 [ERROR]: [RESPONSE ERROR] 401 - Unauthorized
2026-08-03 21:10:50 [ERROR]: [RESPONSE ERROR] 401 - Unauthorized
2026-08-03 21:10:51 [ERROR]: [RESPONSE ERROR] 401 - Unauthorized
2026-08-03 21:10:54 [ERROR]: [RESPONSE ERROR] 401 - Unauthorized
2026-08-03 21:10:54 [ERROR]: [RESPONSE ERROR] 401 - Unauthorized
2026-08-03 21:10:58 [ERROR]: [RESPONSE ERROR] 401 - Unauthorized
2026-08-03 21:10:58 [ERROR]: [RESPONSE ERROR] 401 - Unauthorized
2026-08-03 21:11:02 [ERROR]: [RESPONSE ERROR] 401 - Unauthorized
2026-08-03 21:11:42 [ERROR]: [RESPONSE ERROR] 401 - Unauthorized
2026-08-03 21:11:42 [ERROR]: [RESPONSE ERROR] 401 - Unauthorized
2026-08-03 21:11:42 [ERROR]: [RESPONSE ERROR] 401 - Unauthorized
2026-08-03 21:11:47 [ERROR]: [RESPONSE ERROR] 401 - Unauthorized
2026-08-03 21:11:48 [ERROR]: [RESPONSE ERROR] 401 - Unauthorized
2026-08-03 21:11:48 [ERROR]: [RESPONSE ERROR] 401 - Unauthorized
2026-08-03 21:11:53 [ERROR]: [RESPONSE ERROR] 401 - Unauthorized
2026-08-03 21:11:53 [ERROR]: [RESPONSE ERROR] 401 - Unauthorized
2026-08-03 21:11:53 [ERROR]: [RESPONSE ERROR] 401 - Unauthorized
2026-08-03 21:11:58 [ERROR]: [RESPONSE ERROR] 401 - Unauthorized
2026-08-03 21:11:59 [ERROR]: [RESPONSE ERROR] 401 - Unauthorized
2026-08-03 21:11:59 [ERROR]: [RESPONSE ERROR] 401 - Unauthorized
2026-08-03 21:12:04 [ERROR]: [RESPONSE ERROR] 401 - Unauthorized
2026-08-03 21:12:05 [ERROR]: [RESPONSE ERROR] 401 - Unauthorized
2026-08-03 21:12:05 [ERROR]: [RESPONSE ERROR] 401 - Unauthorized
2026-08-03 21:12:10 [ERROR]: [RESPONSE ERROR] 401 - Unauthorized
2026-08-03 21:12:11 [ERROR]: [RESPONSE ERROR] 401 - Unauthorized
2026-08-03 21:12:11 [ERROR]: [RESPONSE ERROR] 401 - Unauthorized
2026-08-03 21:12:48 [ERROR]: [RESPONSE ERROR] 401 - Unauthorized
2026-08-03 21:12:52 [ERROR]: [RESPONSE ERROR] 401 - Unauthorized
2026-08-03 21:12:53 [ERROR]: [RESPONSE ERROR] 401 - Unauthorized
2026-08-03 21:12:55 [ERROR]: [RESPONSE ERROR] 401 - Unauthorized
2026-08-03 21:12:56 [ERROR]: [RESPONSE ERROR] 401 - Unauthorized
2026-08-03 21:12:58 [ERROR]: [RESPONSE ERROR] 401 - Unauthorized
2026-08-03 21:12:59 [ERROR]: [RESPONSE ERROR] 401 - Unauthorized
2026-08-03 21:13:00 [ERROR]: [RESPONSE ERROR] 401 - Unauthorized
2026-08-03 21:13:02 [ERROR]: [RESPONSE ERROR] 401 - Unauthorized
2026-08-03 21:13:04 [ERROR]: [RESPONSE ERROR] 401 - Unauthorized
2026-08-03 21:13:05 [ERROR]: [RESPONSE ERROR] 401 - Unauthorized
2026-08-03 21:13:08 [ERROR]: [RESPONSE ERROR] 401 - Unauthorized
2026-08-03 21:13:09 [ERROR]: [RESPONSE ERROR] 401 - Unauthorized
2026-08-03 21:13:10 [ERROR]: [RESPONSE ERROR] 401 - Unauthorized
2026-08-03 21:13:12 [ERROR]: [RESPONSE ERROR] 401 - Unauthorized
2026-08-03 21:13:14 [ERROR]: [RESPONSE ERROR] 401 - Unauthorized
2026-08-03 21:13:15 [ERROR]: [RESPONSE ERROR] 401 - Unauthorized
2026-08-03 21:13:19 [ERROR]: [RESPONSE ERROR] 401 - Unauthorized
2026-08-03 21:13:38 [ERROR]: [RESPONSE ERROR] 401 - Unauthorized
2026-08-03 21:13:45 [ERROR]: [RESPONSE ERROR] 401 - Unauthorized
2026-08-03 21:13:46 [ERROR]: [RESPONSE ERROR] 401 - Unauthorized
2026-08-03 21:13:46 [ERROR]: [RESPONSE ERROR] 401 - Unauthorized
2026-08-03 21:13:46 [ERROR]: [RESPONSE ERROR] 401 - Unauthorized
2026-08-03 21:13:49 [ERROR]: [RESPONSE ERROR] 401 - Unauthorized
2026-08-03 21:13:50 [ERROR]: [RESPONSE ERROR] 401 - Unauthorized
2026-08-03 21:13:50 [ERROR]: [RESPONSE ERROR] 401 - Unauthorized
2026-08-03 21:13:51 [ERROR]: [RESPONSE ERROR] 401 - Unauthorized
2026-08-03 21:13:52 [ERROR]: [RESPONSE ERROR] 401 - Unauthorized
2026-08-03 21:13:55 [ERROR]: [RESPONSE ERROR] 401 - Unauthorized
2026-08-03 21:13:55 [ERROR]: [RESPONSE ERROR] 401 - Unauthorized
2026-08-03 21:13:55 [ERROR]: [RESPONSE ERROR] 401 - Unauthorized
2026-08-03 21:13:58 [ERROR]: [RESPONSE ERROR] 401 - Unauthorized
2026-08-03 21:14:00 [ERROR]: [RESPONSE ERROR] 401 - Unauthorized
2026-08-03 21:14:02 [ERROR]: [RESPONSE ERROR] 401 - Unauthorized
2026-08-03 21:14:04 [ERROR]: [RESPONSE ERROR] 401 - Unauthorized
2026-08-03 21:14:08 [ERROR]: [RESPONSE ERROR] 401 - Unauthorized
2026-08-03 21:19:35 [ERROR]: [RESPONSE ERROR] 401 - Unauthorized
2026-08-03 21:19:35 [ERROR]: [RESPONSE ERROR] 401 - Unauthorized
2026-08-03 21:19:35 [ERROR]: [RESPONSE ERROR] 401 - Unauthorized
2026-08-03 21:19:35 [ERROR]: [RESPONSE ERROR] 401 - Unauthorized
2026-08-03 21:19:40 [ERROR]: [RESPONSE ERROR] 401 - Unauthorized
2026-08-03 21:19:40 [ERROR]: [RESPONSE ERROR] 401 - Unauthorized
2026-08-03 21:19:40 [ERROR]: [RESPONSE ERROR] 401 - Unauthorized
2026-08-03 21:19:40 [ERROR]: [RESPONSE ERROR] 401 - Unauthorized
2026-08-03 21:19:45 [ERROR]: [RESPONSE ERROR] 401 - Unauthorized
2026-08-03 21:19:45 [ERROR]: [RESPONSE ERROR] 401 - Unauthorized
2026-08-03 21:19:45 [ERROR]: [RESPONSE ERROR] 401 - Unauthorized
2026-08-03 21:19:45 [ERROR]: [RESPONSE ERROR] 401 - Unauthorized
2026-08-03 21:19:49 [ERROR]: [RESPONSE ERROR] 401 - Unauthorized
2026-08-03 21:19:49 [ERROR]: [RESPONSE ERROR] 401 - Unauthorized
2026-08-03 21:19:53 [ERROR]: [RESPONSE ERROR] 401 - Unauthorized
2026-08-03 21:19:53 [ERROR]: [RESPONSE ERROR] 401 - Unauthorized
2026-08-03 21:19:57 [ERROR]: [RESPONSE ERROR] 401 - Unauthorized
2026-08-03 21:19:57 [ERROR]: [RESPONSE ERROR] 401 - Unauthorized
2026-08-03 21:34:48 [ERROR]: [RESPONSE ERROR] 404 - Not Found
2026-08-03 21:34:49 [ERROR]: [RESPONSE ERROR] 404 - Not Found
2026-08-03 21:34:54 [ERROR]: [RESPONSE ERROR] 404 - Not Found
2026-08-03 21:34:54 [ERROR]: [RESPONSE ERROR] 404 - Not Found
2026-08-03 21:34:58 [ERROR]: [RESPONSE ERROR] 404 - Not Found
2026-08-03 21:34:59 [ERROR]: [RESPONSE ERROR] 404 - Not Found
2026-08-03 21:35:01 [ERROR]: [RESPONSE ERROR] 400 - Bad Request
2026-08-03 21:35:03 [ERROR]: [RESPONSE ERROR] 404 - Not Found
2026-08-03 21:35:05 [ERROR]: [RESPONSE ERROR] 400 - Bad Request
2026-08-03 21:35:08 [ERROR]: [RESPONSE ERROR] 400 - Bad Request
2026-08-03 21:35:09 [ERROR]: [RESPONSE ERROR] 404 - Not Found
2026-08-03 21:35:10 [ERROR]: [RESPONSE ERROR] 404 - Not Found
2026-08-03 21:35:10 [ERROR]: [RESPONSE ERROR] 400 - Bad Request
2026-08-03 21:35:13 [ERROR]: [RESPONSE ERROR] 400 - Bad Request
2026-08-03 21:35:14 [ERROR]: [RESPONSE ERROR] 404 - Not Found
2026-08-03 21:35:15 [ERROR]: [RESPONSE ERROR] 404 - Not Found
2026-08-03 21:35:17 [ERROR]: [RESPONSE ERROR] 400 - Bad Request
2026-08-03 21:35:18 [ERROR]: [RESPONSE ERROR] 404 - Not Found
2026-08-03 21:35:24 [ERROR]: [RESPONSE ERROR] 404 - Not Found
2026-08-03 21:35:26 [ERROR]: [RESPONSE ERROR] 404 - Not Found
2026-08-03 21:35:29 [ERROR]: [RESPONSE ERROR] 404 - Not Found
2026-08-03 21:35:31 [ERROR]: [RESPONSE ERROR] 404 - Not Found
2026-08-03 21:35:33 [ERROR]: [RESPONSE ERROR] 404 - Not Found
2026-08-03 21:35:36 [ERROR]: [RESPONSE ERROR] 400 - Bad Request
2026-08-03 21:35:36 [ERROR]: [RESPONSE ERROR] 404 - Not Found
2026-08-03 21:35:41 [ERROR]: [RESPONSE ERROR] 400 - Bad Request
2026-08-03 21:35:42 [ERROR]: [RESPONSE ERROR] 404 - Not Found
2026-08-03 21:35:43 [ERROR]: [RESPONSE ERROR] 404 - Not Found
2026-08-03 21:35:46 [ERROR]: [RESPONSE ERROR] 400 - Bad Request
2026-08-03 21:35:47 [ERROR]: [RESPONSE ERROR] 404 - Not Found
2026-08-03 21:35:47 [ERROR]: [RESPONSE ERROR] 400 - Bad Request
2026-08-03 21:35:48 [ERROR]: [RESPONSE ERROR] 404 - Not Found
2026-08-03 21:35:52 [ERROR]: [RESPONSE ERROR] 404 - Not Found
2026-08-03 21:35:52 [ERROR]: [RESPONSE ERROR] 400 - Bad Request
2026-08-03 21:35:53 [ERROR]: [RESPONSE ERROR] 404 - Not Found
2026-08-03 21:35:57 [ERROR]: [RESPONSE ERROR] 400 - Bad Request
2026-08-03 21:35:57 [ERROR]: [RESPONSE ERROR] 404 - Not Found
2026-08-03 21:36:02 [ERROR]: [RESPONSE ERROR] 404 - Not Found
2026-08-03 21:36:03 [ERROR]: [RESPONSE ERROR] 404 - Not Found
2026-08-03 21:36:07 [ERROR]: [RESPONSE ERROR] 404 - Not Found
2026-08-03 21:36:08 [ERROR]: [RESPONSE ERROR] 404 - Not Found
2026-08-03 21:36:09 [ERROR]: [RESPONSE ERROR] 400 - Bad Request
2026-08-03 21:36:11 [ERROR]: [RESPONSE ERROR] 404 - Not Found
2026-08-03 21:36:13 [ERROR]: [RESPONSE ERROR] 400 - Bad Request
2026-08-03 21:36:16 [ERROR]: [RESPONSE ERROR] 404 - Not Found
2026-08-03 21:36:18 [ERROR]: [RESPONSE ERROR] 400 - Bad Request
2026-08-03 21:36:18 [ERROR]: [RESPONSE ERROR] 404 - Not Found
2026-08-03 21:36:21 [ERROR]: [RESPONSE ERROR] 404 - Not Found
2026-08-03 21:36:21 [ERROR]: [RESPONSE ERROR] 400 - Bad Request
2026-08-03 21:36:23 [ERROR]: [RESPONSE ERROR] 404 - Not Found
2026-08-03 21:36:25 [ERROR]: [RESPONSE ERROR] 404 - Not Found
2026-08-03 21:36:25 [ERROR]: [RESPONSE ERROR] 400 - Bad Request
2026-08-03 21:36:27 [ERROR]: [RESPONSE ERROR] 404 - Not Found
2026-08-03 21:36:30 [ERROR]: [RESPONSE ERROR] 400 - Bad Request
2026-08-03 21:36:32 [ERROR]: [RESPONSE ERROR] 404 - Not Found
2026-08-03 21:36:38 [ERROR]: [RESPONSE ERROR] 404 - Not Found
2026-08-03 21:36:40 [ERROR]: [RESPONSE ERROR] 404 - Not Found
2026-08-03 21:36:43 [ERROR]: [RESPONSE ERROR] 400 - Bad Request
2026-08-03 21:36:44 [ERROR]: [RESPONSE ERROR] 404 - Not Found
2026-08-03 21:36:44 [ERROR]: [RESPONSE ERROR] 404 - Not Found
2026-08-03 21:36:47 [ERROR]: [RESPONSE ERROR] 400 - Bad Request
2026-08-03 21:36:50 [ERROR]: [RESPONSE ERROR] 404 - Not Found
2026-08-03 21:36:54 [ERROR]: [RESPONSE ERROR] 400 - Bad Request
2026-08-03 21:46:42 [ERROR]: [RESPONSE ERROR] 404 - Not Found
2026-08-03 21:46:42 [ERROR]: [RESPONSE ERROR] 404 - Not Found
2026-08-03 21:46:43 [ERROR]: [RESPONSE ERROR] 400 - Bad Request
2026-08-03 21:46:47 [ERROR]: [RESPONSE ERROR] 404 - Not Found
2026-08-03 21:46:47 [ERROR]: [RESPONSE ERROR] 400 - Bad Request
2026-08-03 21:46:48 [ERROR]: [RESPONSE ERROR] 404 - Not Found
2026-08-03 21:46:52 [ERROR]: [RESPONSE ERROR] 404 - Not Found
2026-08-03 21:46:52 [ERROR]: [RESPONSE ERROR] 400 - Bad Request
2026-08-03 21:46:53 [ERROR]: [RESPONSE ERROR] 404 - Not Found
2026-08-03 21:46:54 [ERROR]: [RESPONSE ERROR] 404 - Not Found
2026-08-03 21:46:57 [ERROR]: [RESPONSE ERROR] 404 - Not Found
2026-08-03 21:47:00 [ERROR]: [RESPONSE ERROR] 404 - Not Found
2026-08-03 21:47:02 [ERROR]: [RESPONSE ERROR] 404 - Not Found
2026-08-03 21:47:07 [ERROR]: [RESPONSE ERROR] 404 - Not Found
2026-08-03 21:47:09 [ERROR]: [RESPONSE ERROR] 404 - Not Found
2026-08-03 21:47:12 [ERROR]: [RESPONSE ERROR] 404 - Not Found
2026-08-03 21:47:14 [ERROR]: [RESPONSE ERROR] 404 - Not Found
2026-08-03 21:47:19 [ERROR]: [RESPONSE ERROR] 404 - Not Found
2026-08-03 21:47:21 [ERROR]: [RESPONSE ERROR] 404 - Not Found
2026-08-03 21:47:25 [ERROR]: [RESPONSE ERROR] 404 - Not Found
2026-08-03 21:47:27 [ERROR]: [RESPONSE ERROR] 404 - Not Found
2026-08-03 21:47:31 [ERROR]: [RESPONSE ERROR] 404 - Not Found
2026-08-03 21:47:32 [ERROR]: [RESPONSE ERROR] 404 - Not Found
2026-08-03 21:47:37 [ERROR]: [RESPONSE ERROR] 400 - Bad Request
2026-08-03 21:47:37 [ERROR]: [RESPONSE ERROR] 404 - Not Found
2026-08-03 21:47:41 [ERROR]: [RESPONSE ERROR] 400 - Bad Request
2026-08-03 21:47:42 [ERROR]: [RESPONSE ERROR] 404 - Not Found
2026-08-03 21:47:45 [ERROR]: [RESPONSE ERROR] 404 - Not Found
2026-08-03 21:47:45 [ERROR]: [RESPONSE ERROR] 400 - Bad Request
2026-08-03 21:47:46 [ERROR]: [RESPONSE ERROR] 404 - Not Found
2026-08-03 21:47:49 [ERROR]: [RESPONSE ERROR] 404 - Not Found
2026-08-03 21:47:51 [ERROR]: [RESPONSE ERROR] 404 - Not Found
2026-08-03 21:47:53 [ERROR]: [RESPONSE ERROR] 404 - Not Found
2026-08-03 21:47:54 [ERROR]: [RESPONSE ERROR] 404 - Not Found
2026-08-03 21:47:56 [ERROR]: [RESPONSE ERROR] 404 - Not Found
2026-08-03 21:47:58 [ERROR]: [RESPONSE ERROR] 404 - Not Found
2026-08-03 21:48:00 [ERROR]: [RESPONSE ERROR] 404 - Not Found
2026-08-03 21:48:05 [ERROR]: [RESPONSE ERROR] 404 - Not Found
2026-08-03 21:48:08 [ERROR]: [RESPONSE ERROR] 404 - Not Found
2026-08-03 21:48:11 [ERROR]: [RESPONSE ERROR] 404 - Not Found
2026-08-03 21:48:15 [ERROR]: [RESPONSE ERROR] 404 - Not Found
2026-08-03 21:48:18 [ERROR]: [RESPONSE ERROR] 404 - Not Found
2026-08-03 21:48:22 [ERROR]: [RESPONSE ERROR] 404 - Not Found
2026-08-03 21:48:25 [ERROR]: [RESPONSE ERROR] 404 - Not Found
2026-08-03 21:48:29 [ERROR]: [RESPONSE ERROR] 404 - Not Found
2026-08-03 21:48:31 [ERROR]: [RESPONSE ERROR] 404 - Not Found
2026-08-03 21:48:36 [ERROR]: [RESPONSE ERROR] 404 - Not Found
2026-08-03 21:48:42 [ERROR]: [RESPONSE ERROR] 404 - Not Found
2026-08-03 21:48:42 [ERROR]: [RESPONSE ERROR] 400 - Bad Request
2026-08-03 21:48:48 [ERROR]: [RESPONSE ERROR] 404 - Not Found
2026-08-03 21:48:49 [ERROR]: [RESPONSE ERROR] 400 - Bad Request
2026-08-03 21:48:54 [ERROR]: [RESPONSE ERROR] 404 - Not Found
2026-08-03 21:48:55 [ERROR]: [RESPONSE ERROR] 400 - Bad Request
2026-08-03 21:48:58 [ERROR]: [RESPONSE ERROR] 404 - Not Found
2026-08-03 21:49:02 [ERROR]: [RESPONSE ERROR] 404 - Not Found
2026-08-03 21:49:04 [ERROR]: [RESPONSE ERROR] 404 - Not Found
2026-08-03 21:49:04 [ERROR]: [RESPONSE ERROR] 404 - Not Found
2026-08-03 21:49:05 [ERROR]: [RESPONSE ERROR] 404 - Not Found
2026-08-03 21:49:10 [ERROR]: [RESPONSE ERROR] 404 - Not Found
2026-08-03 21:49:12 [ERROR]: [RESPONSE ERROR] 404 - Not Found
2026-08-03 21:49:16 [ERROR]: [RESPONSE ERROR] 404 - Not Found
2026-08-03 21:49:17 [ERROR]: [RESPONSE ERROR] 404 - Not Found
2026-08-03 21:49:23 [ERROR]: [RESPONSE ERROR] 404 - Not Found
2026-08-03 21:49:24 [ERROR]: [RESPONSE ERROR] 404 - Not Found
2026-08-03 21:49:30 [ERROR]: [RESPONSE ERROR] 404 - Not Found
2026-08-03 21:49:30 [ERROR]: [RESPONSE ERROR] 404 - Not Found
2026-08-03 21:49:35 [ERROR]: [RESPONSE ERROR] 404 - Not Found
2026-08-03 21:49:36 [ERROR]: [RESPONSE ERROR] 404 - Not Found
2026-08-03 21:49:41 [ERROR]: [RESPONSE ERROR] 404 - Not Found
2026-08-03 21:49:42 [ERROR]: [RESPONSE ERROR] 404 - Not Found
2026-08-03 21:49:47 [ERROR]: [RESPONSE ERROR] 400 - Bad Request
2026-08-03 21:49:53 [ERROR]: [RESPONSE ERROR] 400 - Bad Request
2026-08-03 21:49:53 [ERROR]: [RESPONSE ERROR] 404 - Not Found
2026-08-03 21:49:55 [ERROR]: [RESPONSE ERROR] 404 - Not Found
2026-08-03 21:49:56 [ERROR]: [RESPONSE ERROR] 400 - Bad Request
2026-08-03 21:49:56 [ERROR]: [RESPONSE ERROR] 404 - Not Found
2026-08-03 21:49:59 [ERROR]: [RESPONSE ERROR] 404 - Not Found
2026-08-03 21:50:01 [ERROR]: [RESPONSE ERROR] 404 - Not Found
2026-08-03 21:50:03 [ERROR]: [RESPONSE ERROR] 404 - Not Found
2026-08-03 21:50:08 [ERROR]: [RESPONSE ERROR] 404 - Not Found
2026-08-03 21:50:08 [ERROR]: [RESPONSE ERROR] 404 - Not Found
2026-08-03 21:50:12 [ERROR]: [RESPONSE ERROR] 404 - Not Found
2026-08-03 21:50:13 [ERROR]: [RESPONSE ERROR] 404 - Not Found
2026-08-03 21:50:17 [ERROR]: [RESPONSE ERROR] 404 - Not Found
2026-08-03 21:50:19 [ERROR]: [RESPONSE ERROR] 404 - Not Found
2026-08-03 21:50:22 [ERROR]: [RESPONSE ERROR] 404 - Not Found
2026-08-03 21:50:24 [ERROR]: [RESPONSE ERROR] 404 - Not Found
2026-08-03 21:50:29 [ERROR]: [RESPONSE ERROR] 404 - Not Found
2026-08-03 21:50:31 [ERROR]: [RESPONSE ERROR] 404 - Not Found
2026-08-03 21:50:34 [ERROR]: [RESPONSE ERROR] 404 - Not Found
2026-08-03 21:50:36 [ERROR]: [RESPONSE ERROR] 404 - Not Found
2026-08-03 21:50:39 [ERROR]: [RESPONSE ERROR] 404 - Not Found
2026-08-03 21:50:40 [ERROR]: [RESPONSE ERROR] 404 - Not Found
2026-08-03 21:50:45 [ERROR]: [RESPONSE ERROR] 400 - Bad Request
2026-08-03 21:50:49 [ERROR]: [RESPONSE ERROR] 400 - Bad Request
2026-08-03 21:50:50 [ERROR]: [RESPONSE ERROR] 404 - Not Found
2026-08-03 21:50:50 [ERROR]: [RESPONSE ERROR] 404 - Not Found
2026-08-03 21:50:54 [ERROR]: [RESPONSE ERROR] 400 - Bad Request
2026-08-03 21:50:55 [ERROR]: [RESPONSE ERROR] 404 - Not Found
2026-08-03 21:50:55 [ERROR]: [RESPONSE ERROR] 404 - Not Found
2026-08-03 21:50:59 [ERROR]: [RESPONSE ERROR] 404 - Not Found
2026-08-03 21:50:59 [ERROR]: [RESPONSE ERROR] 404 - Not Found
2026-08-03 21:51:01 [ERROR]: [RESPONSE ERROR] 404 - Not Found
2026-08-03 21:51:03 [ERROR]: [RESPONSE ERROR] 404 - Not Found
2026-08-03 21:51:05 [ERROR]: [RESPONSE ERROR] 404 - Not Found
2026-08-03 21:51:09 [ERROR]: [RESPONSE ERROR] 404 - Not Found
2026-08-03 21:51:10 [ERROR]: [RESPONSE ERROR] 404 - Not Found
2026-08-03 21:51:14 [ERROR]: [RESPONSE ERROR] 404 - Not Found
2026-08-03 21:51:15 [ERROR]: [RESPONSE ERROR] 404 - Not Found
2026-08-03 21:51:22 [ERROR]: [RESPONSE ERROR] 404 - Not Found
2026-08-03 21:51:23 [ERROR]: [RESPONSE ERROR] 404 - Not Found
2026-08-03 21:51:28 [ERROR]: [RESPONSE ERROR] 404 - Not Found
2026-08-03 21:51:29 [ERROR]: [RESPONSE ERROR] 404 - Not Found
2026-08-03 21:51:36 [ERROR]: [RESPONSE ERROR] 404 - Not Found
2026-08-03 21:51:36 [ERROR]: [RESPONSE ERROR] 404 - Not Found
2026-08-03 21:51:42 [ERROR]: [RESPONSE ERROR] 404 - Not Found
2026-08-03 21:51:49 [ERROR]: [RESPONSE ERROR] 400 - Bad Request
2026-08-03 21:51:50 [ERROR]: [RESPONSE ERROR] 404 - Not Found
2026-08-03 21:51:53 [ERROR]: [RESPONSE ERROR] 400 - Bad Request
2026-08-03 21:51:53 [ERROR]: [RESPONSE ERROR] 404 - Not Found
2026-08-03 21:51:58 [ERROR]: [RESPONSE ERROR] 400 - Bad Request
2026-08-03 21:51:59 [ERROR]: [RESPONSE ERROR] 404 - Not Found
2026-08-03 21:52:01 [ERROR]: [RESPONSE ERROR] 404 - Not Found
2026-08-03 21:52:05 [ERROR]: [RESPONSE ERROR] 404 - Not Found
2026-08-03 21:52:09 [ERROR]: [RESPONSE ERROR] 404 - Not Found
2026-08-03 21:52:09 [ERROR]: [RESPONSE ERROR] 404 - Not Found
2026-08-03 21:52:09 [ERROR]: [RESPONSE ERROR] 404 - Not Found
2026-08-03 21:52:13 [ERROR]: [RESPONSE ERROR] 404 - Not Found
2026-08-03 21:52:14 [ERROR]: [RESPONSE ERROR] 404 - Not Found
2026-08-03 21:52:14 [ERROR]: [RESPONSE ERROR] 404 - Not Found
2026-08-03 21:52:18 [ERROR]: [RESPONSE ERROR] 404 - Not Found
2026-08-03 21:52:19 [ERROR]: [RESPONSE ERROR] 404 - Not Found
2026-08-03 21:52:19 [ERROR]: [RESPONSE ERROR] 404 - Not Found
2026-08-03 21:52:25 [ERROR]: [RESPONSE ERROR] 404 - Not Found
2026-08-03 21:52:25 [ERROR]: [RESPONSE ERROR] 404 - Not Found
2026-08-03 21:52:26 [ERROR]: [RESPONSE ERROR] 404 - Not Found
2026-08-03 21:52:31 [ERROR]: [RESPONSE ERROR] 404 - Not Found
2026-08-03 21:52:31 [ERROR]: [RESPONSE ERROR] 404 - Not Found
2026-08-03 21:52:32 [ERROR]: [RESPONSE ERROR] 404 - Not Found
2026-08-03 21:52:37 [ERROR]: [RESPONSE ERROR] 404 - Not Found
2026-08-03 21:52:39 [ERROR]: [RESPONSE ERROR] 404 - Not Found
2026-08-03 21:52:43 [ERROR]: [RESPONSE ERROR] 404 - Not Found
2026-08-03 21:52:44 [ERROR]: [RESPONSE ERROR] 404 - Not Found
2026-08-03 21:52:49 [ERROR]: [RESPONSE ERROR] 400 - Bad Request
2026-08-03 21:52:50 [ERROR]: Navigation failed: Error: page.waitForLoadState: Target page, context or browser has been closed
2026-08-03 21:52:50 [ERROR]: Navigation failed: Error: page.waitForLoadState: Target page, context or browser has been closed
2026-08-03 21:52:50 [ERROR]: Navigation failed: Error: page.waitForLoadState: Target page, context or browser has been closed
2026-08-03 21:54:39 [ERROR]: [RESPONSE ERROR] 404 - Not Found
2026-08-03 21:54:39 [ERROR]: [RESPONSE ERROR] 404 - Not Found
2026-08-03 21:54:40 [ERROR]: [RESPONSE ERROR] 400 - Bad Request
2026-08-03 21:54:43 [ERROR]: [RESPONSE ERROR] 404 - Not Found
2026-08-03 21:54:43 [ERROR]: [RESPONSE ERROR] 404 - Not Found
2026-08-03 21:54:44 [ERROR]: [RESPONSE ERROR] 400 - Bad Request
2026-08-03 21:54:47 [ERROR]: [RESPONSE ERROR] 404 - Not Found
2026-08-03 21:54:47 [ERROR]: [RESPONSE ERROR] 404 - Not Found
2026-08-03 21:54:48 [ERROR]: [RESPONSE ERROR] 400 - Bad Request
2026-08-03 21:56:04 [ERROR]: [RESPONSE ERROR] 404 - Not Found
2026-08-03 21:56:04 [ERROR]: [RESPONSE ERROR] 404 - Not Found
2026-08-03 21:56:04 [ERROR]: [RESPONSE ERROR] 400 - Bad Request
2026-08-03 21:56:22 [ERROR]: [RESPONSE ERROR] 404 - Not Found
2026-08-03 21:56:22 [ERROR]: [RESPONSE ERROR] 404 - Not Found
2026-08-03 21:56:23 [ERROR]: [RESPONSE ERROR] 404 - Not Found
2026-08-03 21:56:23 [ERROR]: [RESPONSE ERROR] 404 - Not Found
2026-08-03 21:56:23 [ERROR]: [RESPONSE ERROR] 404 - Not Found
2026-08-03 21:56:28 [ERROR]: [RESPONSE ERROR] 404 - Not Found
2026-08-03 21:56:29 [ERROR]: [RESPONSE ERROR] 404 - Not Found
2026-08-03 21:56:32 [ERROR]: [RESPONSE ERROR] 404 - Not Found
2026-08-03 21:57:40 [ERROR]: [RESPONSE ERROR] 404 - Not Found
2026-08-03 21:57:40 [ERROR]: [RESPONSE ERROR] 404 - Not Found
2026-08-03 21:57:40 [ERROR]: [RESPONSE ERROR] 404 - Not Found
2026-08-03 21:57:40 [ERROR]: [RESPONSE ERROR] 404 - Not Found
2026-08-03 21:57:41 [ERROR]: [RESPONSE ERROR] 404 - Not Found
2026-08-03 21:57:41 [ERROR]: [RESPONSE ERROR] 404 - Not Found
2026-08-03 21:57:44 [ERROR]: [RESPONSE ERROR] 404 - Not Found
2026-08-03 21:57:46 [ERROR]: [RESPONSE ERROR] 404 - Not Found
2026-08-03 21:57:46 [ERROR]: [RESPONSE ERROR] 404 - Not Found
2026-08-03 21:57:48 [ERROR]: [RESPONSE ERROR] 404 - Not Found
2026-08-03 21:57:50 [ERROR]: [RESPONSE ERROR] 404 - Not Found
2026-08-03 21:57:50 [ERROR]: [RESPONSE ERROR] 404 - Not Found
2026-08-03 21:57:54 [ERROR]: [RESPONSE ERROR] 404 - Not Found
2026-08-03 21:57:55 [ERROR]: [RESPONSE ERROR] 404 - Not Found
2026-08-03 21:57:59 [ERROR]: [RESPONSE ERROR] 404 - Not Found
2026-08-03 21:58:02 [ERROR]: [RESPONSE ERROR] 404 - Not Found
2026-08-03 21:59:01 [ERROR]: [RESPONSE ERROR] 404 - Not Found
2026-08-03 21:59:05 [ERROR]: [RESPONSE ERROR] 404 - Not Found
2026-08-03 21:59:09 [ERROR]: [RESPONSE ERROR] 404 - Not Found
2026-08-03 21:59:15 [ERROR]: [RESPONSE ERROR] 404 - Not Found
2026-08-03 21:59:15 [ERROR]: [RESPONSE ERROR] 404 - Not Found
2026-08-03 21:59:20 [ERROR]: [RESPONSE ERROR] 404 - Not Found
2026-08-03 21:59:24 [ERROR]: [RESPONSE ERROR] 404 - Not Found
2026-08-03 21:59:28 [ERROR]: [RESPONSE ERROR] 404 - Not Found
2026-08-03 21:59:29 [ERROR]: [RESPONSE ERROR] 404 - Not Found
2026-08-03 22:00:18 [ERROR]: [RESPONSE ERROR] 404 - Not Found
2026-08-03 22:00:22 [ERROR]: [RESPONSE ERROR] 404 - Not Found
2026-08-03 22:00:23 [ERROR]: [RESPONSE ERROR] 404 - Not Found
2026-08-03 22:00:24 [ERROR]: [RESPONSE ERROR] 404 - Not Found
2026-08-03 22:00:25 [ERROR]: [RESPONSE ERROR] 404 - Not Found
2026-08-03 22:01:06 [ERROR]: [RESPONSE ERROR] 404 - Not Found
2026-08-03 22:01:06 [ERROR]: [RESPONSE ERROR] 404 - Not Found
2026-08-03 22:01:07 [ERROR]: [RESPONSE ERROR] 400 - Bad Request
2026-08-03 22:01:13 [ERROR]: [RESPONSE ERROR] 404 - Not Found
2026-08-03 22:01:14 [ERROR]: [RESPONSE ERROR] 404 - Not Found
2026-08-03 22:01:14 [ERROR]: [RESPONSE ERROR] 404 - Not Found
2026-08-03 22:01:15 [ERROR]: [RESPONSE ERROR] 404 - Not Found
2026-08-03 22:03:10 [ERROR]: [RESPONSE ERROR] 404 - Not Found
2026-08-03 22:03:10 [ERROR]: [RESPONSE ERROR] 400 - Bad Request
2026-08-03 22:03:10 [ERROR]: [RESPONSE ERROR] 404 - Not Found
2026-08-03 22:03:13 [ERROR]: [RESPONSE ERROR] 404 - Not Found
2026-08-03 22:03:14 [ERROR]: [RESPONSE ERROR] 404 - Not Found
2026-08-03 22:03:14 [ERROR]: [RESPONSE ERROR] 404 - Not Found
2026-08-03 22:03:15 [ERROR]: [RESPONSE ERROR] 404 - Not Found
2026-08-03 22:03:18 [ERROR]: [RESPONSE ERROR] 404 - Not Found
2026-08-03 22:03:18 [ERROR]: [RESPONSE ERROR] 400 - Bad Request
2026-08-03 22:03:19 [ERROR]: [RESPONSE ERROR] 404 - Not Found
2026-08-03 22:03:21 [ERROR]: [RESPONSE ERROR] 404 - Not Found
2026-08-03 22:03:22 [ERROR]: [RESPONSE ERROR] 404 - Not Found
2026-08-03 22:03:22 [ERROR]: [RESPONSE ERROR] 404 - Not Found
2026-08-03 22:03:23 [ERROR]: [RESPONSE ERROR] 404 - Not Found
2026-08-03 22:06:05 [ERROR]: [RESPONSE ERROR] 404 - Not Found
2026-08-03 22:06:06 [ERROR]: [RESPONSE ERROR] 404 - Not Found
2026-08-03 22:06:06 [ERROR]: [RESPONSE ERROR] 400 - Bad Request
2026-08-03 22:06:12 [ERROR]: [RESPONSE ERROR] 404 - Not Found
2026-08-03 22:06:13 [ERROR]: [RESPONSE ERROR] 404 - Not Found
2026-08-03 22:06:13 [ERROR]: [RESPONSE ERROR] 404 - Not Found
2026-08-03 22:06:13 [ERROR]: [RESPONSE ERROR] 404 - Not Found
2026-08-03 22:06:21 [ERROR]: Navigation failed: Error: page.goto: net::ERR_EMPTY_RESPONSE at https://opensource-demo.orangehrmlive.com/
Call log:
[2m  - navigating to "https://opensource-demo.orangehrmlive.com/", waiting until "domcontentloaded"[22m

2026-08-03 22:06:21 [ERROR]: Navigation failed: Error: page.goto: net::ERR_EMPTY_RESPONSE at https://opensource-demo.orangehrmlive.com/
Call log:
[2m  - navigating to "https://opensource-demo.orangehrmlive.com/", waiting until "domcontentloaded"[22m

2026-08-03 22:09:47 [ERROR]: [RESPONSE ERROR] 404 - Not Found
2026-08-03 22:09:47 [ERROR]: [RESPONSE ERROR] 404 - Not Found
2026-08-03 22:09:48 [ERROR]: [RESPONSE ERROR] 400 - Bad Request
2026-08-03 22:09:53 [ERROR]: [RESPONSE ERROR] 404 - Not Found
2026-08-03 22:09:54 [ERROR]: [RESPONSE ERROR] 404 - Not Found
2026-08-03 22:09:54 [ERROR]: [RESPONSE ERROR] 404 - Not Found
2026-08-03 22:09:55 [ERROR]: [RESPONSE ERROR] 404 - Not Found
